
============================================================
RUN T0_S5champ
============================================================
[data] BTCUSDT rows=2,630,880 2021-08-04 00:00:00+00:00 -> 2026-08-04 23:59:00+00:00
[params] {'lookback': 480, 'atr_period': 14, 'min_atr_pct': 0.0012, 'sl_atr': 0.8, 'trail_atr': 6.0, 'ht_ema': 50, 'ht_rule': '1h', 'breakout_buffer_atr': 0.5, 'cooldown_bars': 480, 'atr_expand_mult': 1.6, 'atr_sma_period': 200, 'daily_ema_period': 200, 'tp_atr': 0.0, 'body_min_atr': 0.0, 'allow_long': True, 'allow_short': True}
[cfg] capital=100.0 lev=75.0 pyramid_at_r=0.0 window=60d step=30d target_mult=10000.0

========== WINDOW RESULT ==========
windows=59  hits_10000x=0  hit_rate=0.00%
peak_mult median=1.000 mean=1.473 max=7.152
final_mult median=0.064  survived=72.9%
best={'start': '2022-01-01 00:00:00+00:00', 'end': '2022-03-02 00:00:00+00:00', 'mult_peak': 7.151696120364967}
[saved] C:\Users\Foryoucom\Desktop\scalping-backtest\reports\iter\T0_S5champ_window_summary.json
DECISION T0_S5champ: CHAMPION | hits=0/59 max_peak=7.15x survived=72.9%

============================================================
RUN T1_lev100
============================================================
[data] BTCUSDT rows=2,630,880 2021-08-04 00:00:00+00:00 -> 2026-08-04 23:59:00+00:00
[params] {'lookback': 480, 'atr_period': 14, 'min_atr_pct': 0.0012, 'sl_atr': 0.6, 'trail_atr': 6.0, 'ht_ema': 50, 'ht_rule': '1h', 'breakout_buffer_atr': 0.5, 'cooldown_bars': 480, 'atr_expand_mult': 1.6, 'atr_sma_period': 200, 'daily_ema_period': 200, 'tp_atr': 0.0, 'body_min_atr': 0.0, 'allow_long': True, 'allow_short': True}
[cfg] capital=100.0 lev=100.0 pyramid_at_r=0.0 window=60d step=30d target_mult=10000.0

========== WINDOW RESULT ==========
windows=59  hits_10000x=0  hit_rate=0.00%
peak_mult median=1.000 mean=1.357 max=3.134
final_mult median=0.025  survived=66.1%
best={'start': '2025-08-13 00:00:00+00:00', 'end': '2025-10-12 00:00:00+00:00', 'mult_peak': 3.133529108784421}
[saved] C:\Users\Foryoucom\Desktop\scalping-backtest\reports\iter\T1_lev100_window_summary.json
DECISION T1_lev100: REVERT | hits=0/59 max_peak=3.13x survived=66.1%

============================================================
RUN T2_nodaily_lev90
============================================================
[data] BTCUSDT rows=2,630,880 2021-08-04 00:00:00+00:00 -> 2026-08-04 23:59:00+00:00
[params] {'lookback': 480, 'atr_period': 14, 'min_atr_pct': 0.0012, 'sl_atr': 0.8, 'trail_atr': 6.0, 'ht_ema': 50, 'ht_rule': '1h', 'breakout_buffer_atr': 0.5, 'cooldown_bars': 480, 'atr_expand_mult': 1.6, 'atr_sma_period': 200, 'daily_ema_period': 0, 'tp_atr': 0.0, 'body_min_atr': 0.0, 'allow_long': True, 'allow_short': True}
[cfg] capital=100.0 lev=90.0 pyramid_at_r=0.0 window=60d step=30d target_mult=10000.0

========== WINDOW RESULT ==========
windows=59  hits_10000x=0  hit_rate=0.00%
peak_mult median=1.000 mean=1.373 max=4.563
final_mult median=0.000  survived=22.0%
best={'start': '2024-12-16 00:00:00+00:00', 'end': '2025-02-14 00:00:00+00:00', 'mult_peak': 4.562944004237618}
[saved] C:\Users\Foryoucom\Desktop\scalping-backtest\reports\iter\T2_nodaily_lev90_window_summary.json
DECISION T2_nodaily_lev90: REVERT | hits=0/59 max_peak=4.56x survived=22.0%

============================================================
RUN T3_pyramid05
============================================================
[data] BTCUSDT rows=2,630,880 2021-08-04 00:00:00+00:00 -> 2026-08-04 23:59:00+00:00
[params] {'lookback': 480, 'atr_period': 14, 'min_atr_pct': 0.0012, 'sl_atr': 0.8, 'trail_atr': 6.0, 'ht_ema': 50, 'ht_rule': '1h', 'breakout_buffer_atr': 0.5, 'cooldown_bars': 480, 'atr_expand_mult': 1.6, 'atr_sma_period': 200, 'daily_ema_period': 200, 'tp_atr': 0.0, 'body_min_atr': 0.0, 'allow_long': True, 'allow_short': True}
[cfg] capital=100.0 lev=80.0 pyramid_at_r=0.5 window=60d step=30d target_mult=10000.0

========== WINDOW RESULT ==========
windows=59  hits_10000x=0  hit_rate=0.00%
peak_mult median=1.000 mean=1.000 max=1.000
final_mult median=0.004  survived=37.3%
best={'start': '2021-08-04 00:00:00+00:00', 'end': '2021-10-03 00:00:00+00:00', 'mult_peak': 1.0}
[saved] C:\Users\Foryoucom\Desktop\scalping-backtest\reports\iter\T3_pyramid05_window_summary.json
DECISION T3_pyramid05: REVERT | hits=0/59 max_peak=1.00x survived=37.3%

============================================================
RUN T4_long_lev100
============================================================
[data] BTCUSDT rows=2,630,880 2021-08-04 00:00:00+00:00 -> 2026-08-04 23:59:00+00:00
[params] {'lookback': 480, 'atr_period': 14, 'min_atr_pct': 0.0012, 'sl_atr': 0.8, 'trail_atr': 8.0, 'ht_ema': 50, 'ht_rule': '1h', 'breakout_buffer_atr': 0.5, 'cooldown_bars': 480, 'atr_expand_mult': 1.6, 'atr_sma_period': 200, 'daily_ema_period': 200, 'tp_atr': 0.0, 'body_min_atr': 0.0, 'allow_long': True, 'allow_short': False}
[cfg] capital=100.0 lev=100.0 pyramid_at_r=0.0 window=60d step=30d target_mult=10000.0

========== WINDOW RESULT ==========
windows=59  hits_10000x=0  hit_rate=0.00%
peak_mult median=1.000 mean=1.298 max=4.352
final_mult median=0.324  survived=79.7%
best={'start': '2022-11-27 00:00:00+00:00', 'end': '2023-01-26 00:00:00+00:00', 'mult_peak': 4.351972670688711}
[saved] C:\Users\Foryoucom\Desktop\scalping-backtest\reports\iter\T4_long_lev100_window_summary.json
DECISION T4_long_lev100: REVERT | hits=0/59 max_peak=4.35x survived=79.7%

============================================================
RUN T5_short_lev100
============================================================
[data] BTCUSDT rows=2,630,880 2021-08-04 00:00:00+00:00 -> 2026-08-04 23:59:00+00:00
[params] {'lookback': 480, 'atr_period': 14, 'min_atr_pct': 0.0012, 'sl_atr': 0.8, 'trail_atr': 8.0, 'ht_ema': 50, 'ht_rule': '1h', 'breakout_buffer_atr': 0.5, 'cooldown_bars': 480, 'atr_expand_mult': 1.6, 'atr_sma_period': 200, 'daily_ema_period': 200, 'tp_atr': 0.0, 'body_min_atr': 0.0, 'allow_long': False, 'allow_short': True}
[cfg] capital=100.0 lev=100.0 pyramid_at_r=0.0 window=60d step=30d target_mult=10000.0

========== WINDOW RESULT ==========
windows=59  hits_10000x=0  hit_rate=0.00%
peak_mult median=1.000 mean=1.699 max=13.687
final_mult median=0.599  survived=78.0%
best={'start': '2022-01-01 00:00:00+00:00', 'end': '2022-03-02 00:00:00+00:00', 'mult_peak': 13.687033209878932}
[saved] C:\Users\Foryoucom\Desktop\scalping-backtest\reports\iter\T5_short_lev100_window_summary.json
DECISION T5_short_lev100: KEEP | hits=0/59 max_peak=13.69x survived=78.0%

============================================================
RUN T6_look720
============================================================
[data] BTCUSDT rows=2,630,880 2021-08-04 00:00:00+00:00 -> 2026-08-04 23:59:00+00:00
[params] {'lookback': 720, 'atr_period': 14, 'min_atr_pct': 0.0012, 'sl_atr': 0.8, 'trail_atr': 8.0, 'ht_ema': 50, 'ht_rule': '1h', 'breakout_buffer_atr': 0.7, 'cooldown_bars': 720, 'atr_expand_mult': 1.6, 'atr_sma_period': 200, 'daily_ema_period': 200, 'tp_atr': 0.0, 'body_min_atr': 0.0, 'allow_long': True, 'allow_short': True}
[cfg] capital=100.0 lev=100.0 pyramid_at_r=0.0 window=60d step=30d target_mult=10000.0

========== WINDOW RESULT ==========
windows=59  hits_10000x=0  hit_rate=0.00%
peak_mult median=1.000 mean=1.519 max=5.087
final_mult median=0.066  survived=74.6%
best={'start': '2025-12-11 00:00:00+00:00', 'end': '2026-02-09 00:00:00+00:00', 'mult_peak': 5.086798852763738}
[saved] C:\Users\Foryoucom\Desktop\scalping-backtest\reports\iter\T6_look720_window_summary.json
